RAM Allocation [bytes]
Variable                                                                          Address   Size
------------------------------------------------------------------------------------------------

EEPROM Allocation [bytes]
Variable                                                                          Address   Size
------------------------------------------------------------------------------------------------

Register Allocation
Variable                                                                          Register  Size
------------------------------------------------------------------------------------------------
PtrToStrChar                                                                      R4,R5        2
ClearToSend                                                                       R7           1
count                                                                             R6           1
SPI_flag                                                                          R9           1
Str                                                                               R8           1

FLASH Allocation [words]
Function                                                                          Address   Size
------------------------------------------------------------------------------------------------
LCD_PORT_Init                                                                     0x0008C      6
LCD_Data                                                                          0x00092      7
LCD_Comm                                                                          0x00099      7
LCD_delay                                                                         0x000A0      4
LCD_Pos                                                                           0x000A4     15
LCD_Char                                                                          0x000B3      8
LCD_Str                                                                           0x000BB     15
LCD_Clear                                                                         0x000CA      5
LCD_Init                                                                          0x000CF     14
Init_SPI_Slave_IntContr                                                           0x000DD      7
spi_isr                                                                           0x000E4     21
main                                                                              0x000F9     40
