RAM Allocation [bytes]
Variable                                                                          Address   Size
------------------------------------------------------------------------------------------------

EEPROM Allocation [bytes]
Variable                                                                          Address   Size
------------------------------------------------------------------------------------------------

Register Allocation
Variable                                                                          Register  Size
------------------------------------------------------------------------------------------------
PtrToStrChar                                                                      R4,R5        2
ClearToSend                                                                       R7           1
SPI_Rec_Char                                                                      R6           1

FLASH Allocation [words]
Function                                                                          Address   Size
------------------------------------------------------------------------------------------------
LCD_PORT_Init                                                                     0x00099      6
LCD_Data                                                                          0x0009F      7
LCD_Comm                                                                          0x000A6      7
LCD_delay                                                                         0x000AD      4
LCD_Pos                                                                           0x000B1     15
LCD_Char                                                                          0x000C0      8
LCD_Str                                                                           0x000C8     15
LCD_Clear                                                                         0x000D7      5
LCD_Init                                                                          0x000DC     14
Init_SPI_Slave_IntContr                                                           0x000EA      7
spi_isr                                                                           0x000F1      2
main                                                                              0x000F3     26
