RAM Allocation [bytes]
Variable                                                                          Address   Size
------------------------------------------------------------------------------------------------

EEPROM Allocation [bytes]
Variable                                                                          Address   Size
------------------------------------------------------------------------------------------------

Register Allocation
Variable                                                                          Register  Size
------------------------------------------------------------------------------------------------
PtrToStrChar                                                                      R4,R5        2
ClearToSend                                                                       R7           1

FLASH Allocation [words]
Function                                                                          Address   Size
------------------------------------------------------------------------------------------------
Init_SPI_Master                                                                   0x0007B     10
SPI_Master_Send                                                                   0x00085     10
MCP23S08_SPI_Write                                                                0x0008F     15
Init_MCP23S08                                                                     0x0009E     14
main                                                                              0x000AC     14
